// Jest Snapshot v1, https://goo.gl/fbAQLP

exports[`Box should render properly 1`] = `
<DocumentFragment>
  <div
    class=""
  >
    AdaptUI
  </div>
</DocumentFragment>
`;
