// Jest Snapshot v1, https://goo.gl/fbAQLP

exports[`<Badge /> should render properly 1`] = `
<DocumentFragment>
  <span
    class="inline-flex items-center justify-center relative whitespace-nowrap align-middle transition-all px-1.5 py-[3px] rounded-2xl text-xs font-medium bg-gray-800 text-white"
  >
    Hello world
  </span>
</DocumentFragment>
`;
