// Jest Snapshot v1, https://goo.gl/fbAQLP

exports[`Switch should render correctly 1`] = `
<DocumentFragment>
  <label
    class="relative inline-flex items-center cursor-pointer align-top"
  >
    <button
      aria-checked="false"
      class="peer sr-only"
      role="switch"
    />
    <span
      aria-hidden="true"
      class="relative inline-flex items-center justify-start flex-shrink-0 align-top select-none transition-all peer-children h-4 w-[26px] rounded-full bg-gray-200 peer-hover:bg-gray-300 peer-active:bg-gray-300 peer-focus-visible:ring-2 peer-focus-visible:ring-gray-300 peer-disabled:bg-gray-300"
      role="img"
    >
      <span
        class="absolute transform transition-all will-change-width bg-white box-border w-3 h-3 rounded-full peer-children-active:w-[13px] shadow-switch-md top-0.5 left-0.5"
      />
    </span>
  </label>
</DocumentFragment>
`;
